com\soro\repository\SiteEscaladeRepository.class
com\soro\repository\SecteurRepository.class
com\soro\storage\StorageProperties.class
com\soro\controller\SearchController.class
org\springframework\boot\context\embedded\tomcat\TomcatEmbeddedServletContainerFactory.class
com\soro\exception\StorageException.class
com\soro\entity\Longeur.class
com\soro\P6Application.class
com\soro\entity\Split.class
com\soro\exception\FileNotFoundException.class
com\soro\controller\AuthenticationController.class
com\soro\entity\Commentaire.class
com\soro\entity\Topo.class
com\soro\controller\UploadController.class
com\soro\repository\UserRepository.class
com\soro\entity\StreamResource.class
com\soro\storage\FileSystemStorageService.class
com\soro\entity\Voies.class
com\soro\entity\Site.class
com\soro\controller\VoieController.class
com\soro\entity\Secteur.class
com\soro\storage\StorageService.class
com\soro\repository\VoiesRepository.class
com\soro\repository\SplitRepository.class
com\soro\controller\FileController.class
com\soro\entity\FileResponse.class
com\soro\controller\SecteurController.class
com\soro\controller\GlobalExceptionHandler.class
com\soro\controller\ReservationController.class
com\soro\repository\ReservationRepository.class
com\soro\controller\homeController.class
com\soro\repository\SiteRepository.class
com\soro\controller\SiteController.class
com\soro\entity\Reservation.class
com\soro\controller\CommentaireController.class
com\soro\controller\TopoController.class
com\soro\repository\TopoRepository.class
com\soro\config\WebMvcConfig.class
com\soro\repository\CommentaireRepository.class
com\soro\repository\LongeurRepository.class
com\soro\entity\User.class
com\soro\entity\SiteEscalade.class
