D:\OCR\final-p6\P6_escalade\P6_escalade\src\main\java\com\soro\entity\FileResponse.java
D:\OCR\final-p6\P6_escalade\P6_escalade\src\main\java\com\soro\entity\User.java
D:\OCR\final-p6\P6_escalade\P6_escalade\src\main\java\com\soro\controller\GlobalExceptionHandler.java
D:\OCR\final-p6\P6_escalade\P6_escalade\src\main\java\com\soro\repository\SplitRepository.java
D:\OCR\final-p6\P6_escalade\P6_escalade\src\main\java\com\soro\controller\FileController.java
D:\OCR\final-p6\P6_escalade\P6_escalade\src\main\java\com\soro\controller\UploadController.java
D:\OCR\final-p6\P6_escalade\P6_escalade\src\main\java\com\soro\entity\SiteEscalade.java
D:\OCR\final-p6\P6_escalade\P6_escalade\src\main\java\com\soro\repository\TopoRepository.java
D:\OCR\final-p6\P6_escalade\P6_escalade\src\main\java\com\soro\entity\Site.java
D:\OCR\final-p6\P6_escalade\P6_escalade\src\main\java\com\soro\repository\SecteurRepository.java
D:\OCR\final-p6\P6_escalade\P6_escalade\src\main\java\com\soro\entity\Reservation.java
D:\OCR\final-p6\P6_escalade\P6_escalade\src\main\java\com\soro\repository\ReservationRepository.java
D:\OCR\final-p6\P6_escalade\P6_escalade\src\main\java\com\soro\repository\CommentaireRepository.java
D:\OCR\final-p6\P6_escalade\P6_escalade\src\main\java\com\soro\repository\UserRepository.java
D:\OCR\final-p6\P6_escalade\P6_escalade\src\main\java\com\soro\repository\VoiesRepository.java
D:\OCR\final-p6\P6_escalade\P6_escalade\src\main\java\com\soro\entity\Commentaire.java
D:\OCR\final-p6\P6_escalade\P6_escalade\src\main\java\com\soro\repository\SiteRepository.java
D:\OCR\final-p6\P6_escalade\P6_escalade\src\main\java\com\soro\repository\SiteEscaladeRepository.java
D:\OCR\final-p6\P6_escalade\P6_escalade\src\main\java\com\soro\controller\CommentaireController.java
D:\OCR\final-p6\P6_escalade\P6_escalade\src\main\java\com\soro\exception\FileNotFoundException.java
D:\OCR\final-p6\P6_escalade\P6_escalade\src\main\java\com\soro\entity\Voies.java
D:\OCR\final-p6\P6_escalade\P6_escalade\src\main\java\com\soro\controller\SiteController.java
D:\OCR\final-p6\P6_escalade\P6_escalade\src\main\java\com\soro\exception\StorageException.java
D:\OCR\final-p6\P6_escalade\P6_escalade\src\main\java\com\soro\repository\LongeurRepository.java
D:\OCR\final-p6\P6_escalade\P6_escalade\src\main\java\com\soro\storage\StorageProperties.java
D:\OCR\final-p6\P6_escalade\P6_escalade\src\main\java\com\soro\controller\SearchController.java
D:\OCR\final-p6\P6_escalade\P6_escalade\src\main\java\com\soro\controller\AuthenticationController.java
D:\OCR\final-p6\P6_escalade\P6_escalade\src\main\java\com\soro\controller\homeController.java
D:\OCR\final-p6\P6_escalade\P6_escalade\src\main\java\com\soro\P6Application.java
D:\OCR\final-p6\P6_escalade\P6_escalade\src\main\java\com\soro\entity\Longeur.java
D:\OCR\final-p6\P6_escalade\P6_escalade\src\main\java\com\soro\storage\FileSystemStorageService.java
D:\OCR\final-p6\P6_escalade\P6_escalade\src\main\java\com\soro\controller\SiteEscaladeController.java
D:\OCR\final-p6\P6_escalade\P6_escalade\src\main\java\com\soro\entity\Topo.java
D:\OCR\final-p6\P6_escalade\P6_escalade\src\main\java\com\soro\controller\SecteurController.java
D:\OCR\final-p6\P6_escalade\P6_escalade\src\main\java\com\soro\storage\StorageService.java
D:\OCR\final-p6\P6_escalade\P6_escalade\src\main\java\com\soro\entity\Split.java
D:\OCR\final-p6\P6_escalade\P6_escalade\src\main\java\com\soro\entity\StreamResource.java
D:\OCR\final-p6\P6_escalade\P6_escalade\src\main\java\org\springframework\boot\context\embedded\tomcat\TomcatEmbeddedServletContainerFactory.java
D:\OCR\final-p6\P6_escalade\P6_escalade\src\main\java\com\soro\controller\TopoController.java
D:\OCR\final-p6\P6_escalade\P6_escalade\src\main\java\com\soro\controller\VoieController.java
D:\OCR\final-p6\P6_escalade\P6_escalade\src\main\java\com\soro\entity\Secteur.java
D:\OCR\final-p6\P6_escalade\P6_escalade\src\main\java\com\soro\config\WebMvcConfig.java
D:\OCR\final-p6\P6_escalade\P6_escalade\src\main\java\com\soro\controller\ReservationController.java
